[14;1H[0;34mี[1mÝ[C[36mQuote[CWindow[C[34mÞอ[0;34mออออ[1mออ[0;34mออออออออออ[1mออออ[0;34mออ[1mออออ[0;34mออออ[1mออออ[0;34mออ[1mออ[0;34mออออออ[1mออ[0;34mออ[1mออออออ[0;34mออ[1mออ[0;34mอ[1mออธ[8BิÝ[C[36mESC-End[C[34mÞ[0;34mอ[1mÝ[C[36mCR-Accept[C[34mÞ[0;34mอ[1mÝ[C[36mUp/Down-Scroll[C[34mÞอÝ[C[36mPgUp/Down-Scroll[C[34mÞ[0;34mอออ[1mออ[0;34mออออ[1mออ[0;34mอพ[12;1H[37m|!1[15;1H[1;36m|!2[22;1H[44m|!3[0m